[www.agolworld.com/index.html]
[backblue.gif]
[fade.gif]
[index.html]
[www.agolworld.com/assets/img/favicon.png]
[www.agolworld.com/assets/css2/meanmenu.css]
[www.agolworld.com/assets/css2/bootstrap.min.css]
[www.agolworld.com/assets/css2/sal.css]
[www.agolworld.com/assets/css2/magnific-popup.css]
[www.agolworld.com/assets/css2/swiper.min.css]
[www.agolworld.com/assets/css2/owl.carousel.css]
[www.agolworld.com/assets/css2/odometer.min.css]
[www.agolworld.com/assets/css2/nice-select.css]
[www.agolworld.com/assets/css2/animate.css]
[www.agolworld.com/assets/css2/icons.css]
[www.agolworld.com/assets/css2/responsive.css]
[www.agolworld.com/assets/css2/style.css]
[www.agolworld.com/assets/img/logo.png]
[www.agolworld.com/index-2.html]
[www.agolworld.com/time.critical@agolworld.com]
[www.agolworld.com/index-3.html]
[www.agolworld.com/about_us.html]
[www.agolworld.com/service.html]
[www.agolworld.com/importer-of-record-services.html]
[www.agolworld.com/on-board-courier-services.html]
[www.agolworld.com/dedicated-ground-services.html]
[www.agolworld.com/next-flight-out-services.html]
[www.agolworld.com/air-charters-services.html]
[www.agolworld.com/industries.html]
[www.agolworld.com/blog.html]
[www.agolworld.com/contact_us.html]
[www.agolworld.com/contact.html]
[code.jquery.com/jquery-3.6.4.min.js]
[translate.google.com/translate_a/elementa0d8.js]
[www.agolworld.com/assets/img2/banner/banner-shape2.png]
[www.agolworld.com/assets/img2/about/ab-3.jpg]
[www.agolworld.com/assets/img2/about/ab-4.jpg]
[www.agolworld.com/assets/img2/about/ab-shape.png]
[www.agolworld.com/assets/img2/icon/global.svg]
[www.agolworld.com/assets/img2/icon/winner.svg]
[www.agolworld.com/assets/img2/service/service-3.jpg]
[www.agolworld.com/assets/img2/service/service-19.png]
[www.agolworld.com/assets/img2/service/service-10.jpg]
[www.agolworld.com/assets/img2/service/service-4.jpg]
[www.agolworld.com/assets/img2/service/service-8.jpg]
[www.agolworld.com/assets/img2/project/tabs-1.jpg]
[www.agolworld.com/assets/img2/project/tabs-2.png]
[www.agolworld.com/assets/img/Agolv.qt]
[www.agolworld.com/assets/images/banner/counter-shape.png]
[www.agolworld.com/blog-details.html]
[www.agolworld.com/assets/img2/service/service-1.jpg]
[www.agolworld.com/blog-details-2.html]
[www.agolworld.com/blog_2.html]
[www.agolworld.com/blog_3.html]
[www.agolworld.com/assets/img/whatsapp.png]
[leiadmin.com/leitag3857.js]
[code.jquery.com/jquery-3.6.0.min.js]
[www.agolworld.com/assets/js2/modernizr-2.8.3.min.js]
[www.agolworld.com/assets/js2/jquery.min.js]
[www.agolworld.com/assets/js2/bootstrap.min.js]
[www.agolworld.com/assets/js2/meanmenu.js]
[www.agolworld.com/assets/js2/imagesloaded.pkgd.min.js]
[www.agolworld.com/assets/js2/isotope.pkgd.min.js]
[www.agolworld.com/assets/js2/jquery.magnific-popup.min.js]
[www.agolworld.com/assets/js2/owl.carousel.js]
[www.agolworld.com/assets/js2/swiper.min.js]
[www.agolworld.com/assets/js2/jquery.appear.min.js]
[www.agolworld.com/assets/js2/odometer.min.js]
[www.agolworld.com/assets/js2/sal.js]
[www.agolworld.com/assets/js2/jquery.nice-select.min.js]
[www.agolworld.com/assets/js2/main.js]
[www.agolworld.com/index.html]
[www.googletagmanager.com/gtm5445.html]
[www.agolworld.com/assets/css2/bootstrap.min.css]
[www.agolworld.com/assets/css2/meanmenu.css]
[www.agolworld.com/assets/css2/sal.css]
[www.agolworld.com/assets/css2/magnific-popup.css]
[www.agolworld.com/assets/css2/swiper.min.css]
[www.agolworld.com/assets/css2/owl.carousel.css]
[www.agolworld.com/assets/css2/owl.video.play.html]
[www.agolworld.com/assets/fonts/fa-brands-400.woff2]
[www.agolworld.com/assets/fonts/fa-brands-400.ttf]
[www.agolworld.com/assets/fonts/fa-duotone-900.woff2]
[www.agolworld.com/assets/fonts/fa-duotone-900.ttf]
[www.agolworld.com/assets/fonts2/fa-light-300.woff2]
[www.agolworld.com/assets/fonts2/fa-regular-400.woff2]
[www.agolworld.com/assets/fonts2/fa-light-300.ttf]
[www.agolworld.com/assets/fonts2/fa-solid-900.woff2]
[www.agolworld.com/assets/fonts2/fa-regular-400.ttf]
[www.agolworld.com/assets/fonts2/fa-thin-100.woff2]
[www.agolworld.com/assets/fonts2/fa-solid-900.ttf]
[www.agolworld.com/assets/fonts2/fa-thin-100.ttf]
[www.agolworld.com/assets/fonts2/fa-brands-400.woff2]
[www.agolworld.com/assets/fonts2/fa-brands-400.ttf]
[www.agolworld.com/assets/fonts2/fa-duotone-900.woff2]
[www.agolworld.com/assets/fonts2/fa-v4compatibility.woff2]
[www.agolworld.com/assets/fonts2/fa-v4compatibility.ttf]
[www.agolworld.com/assets/fonts2/flaticon_logistics568b568b.ttf]
[www.agolworld.com/assets/fonts2/fa-duotone-900.ttf]
[www.agolworld.com/assets/fonts2/flaticon_logistics568b568b.woff]
[www.agolworld.com/assets/fonts2/flaticon_logistics568b568b.woff2]
[www.agolworld.com/assets/fonts2/flaticon_logistics568b568b.eot]
[www.agolworld.com/assets/css2/icons.css]
[www.agolworld.com/assets/css2/odometer.min.css]
[www.agolworld.com/assets/css2/nice-select.css]
[www.agolworld.com/assets/css2/animate.css]
[www.agolworld.com/assets/fonts2/flaticon_logistics568b568b.svg]
[www.agolworld.com/assets/img2/bg/section-bg.html]
[www.agolworld.com/assets/img2/bg/section-shape.html]
[www.agolworld.com/assets/img2/banner/hero-1.jpg]
[www.agolworld.com/assets/img2/banner/hero-2.jpg]
[www.agolworld.com/assets/img2/banner/banner-shape.png]
[www.agolworld.com/assets/img2/slider/slider-bg-image3.html]
[www.agolworld.com/assets/img2/banner/cta-shape.png]
[www.agolworld.com/assets/img2/cta/cta-2.jpg]
[www.agolworld.com/assets/img2/cta/cta-3.jpg]
[www.agolworld.com/assets/images/banner/cta-bg.jpg]
[www.agolworld.com/assets/images/banner/price-bg.jpg]
[www.agolworld.com/assets/img2/banner/video-bg.jpg]
[www.agolworld.com/assets/images/banner/step-1.jpg]
[www.agolworld.com/assets/images/banner/doted-shape1.png]
[www.agolworld.com/assets/images/banner/feature-bg.jpg]
[www.agolworld.com/assets/images/banner/cta-bg2.jpg]
[www.agolworld.com/assets/images/banner/test-2.jpg]
[www.agolworld.com/assets/img2/banner/testimonial-bg.jpg]
[www.agolworld.com/assets/img2/banner/footer-bg.jpg]
[www.agolworld.com/assets/img2/icon/icon-shape.svg]
[www.agolworld.com/assets/img2/banner/footer-bg2.jpg]
[www.agolworld.com/assets/css2/style.css]
[www.agolworld.com/assets/css2/responsive.css]
[www.agolworld.com/index-2.html]
[www.agolworld.com/time.critical@agolworld.html]
[www.agolworld.com/index-3.html]
[www.agolworld.com/assets2/assets/img/favicon.png]
[www.agolworld.com/assets/css/style.css]
[www.agolworld.com/assets/img2/about/ab-1.jpg]
[www.agolworld.com/assets/img2/about/ab-2.jpg]
[www.agolworld.com/assets/img/industries/in.jpg]
[www.agolworld.com/assets/img/industries/td.jpg]
[www.agolworld.com/assets/img/industries/ag.jpg]
[www.agolworld.com/index-4.html]
[www.agolworld.com/contacts_us]
[www.agolworld.com/about_us.html]
[www.agolworld.com/assets/img/services/services-4.jpg]
[www.agolworld.com/assets/img/services/services-7.jpg]
[www.agolworld.com/assets/img2/service/service-17.png]
[www.agolworld.com/assets/img/services/services-3.jpg]
[www.agolworld.com/assets/img/services/services-9.jpg]
[www.agolworld.com/service.html]
[www.agolworld.com/importer-of-record-services.html]
[www.agolworld.com/on-board-courier-services.html]
[www.agolworld.com/assets/img2/service/service-5.jpg]
[www.agolworld.com/dedicated-ground-services.html]
[www.agolworld.com/assets/img2/blog/blog10.jpg]
[www.agolworld.com/next-flight-out-services.html]
[www.agolworld.com/assets/img2/blog/blog14.jpg]
[www.agolworld.com/air-charters-services.html]
[www.agolworld.com/assets/img/industries/healthcare.jpg]
[www.agolworld.com/assets/img/industries/aog.jpg]
[www.agolworld.com/service-details.html]
[www.agolworld.com/assets/img/industries/hitech.jpg]
[www.agolworld.com/assets/img/industries/media.jpg]
[www.agolworld.com/assets/img/industries/ship.jpg]
[www.agolworld.com/assets/img/industries/fashion.jpg]
[www.agolworld.com/assets/img/industries/freight.jpg]
[www.agolworld.com/assets/img/industries/auto.jpg]
[www.agolworld.com/assets/img/industries/aviations.jpg]
[www.agolworld.com/assets/img/industries/marine.jpg]
[www.agolworld.com/assets/img/industries/mining.jpg]
[www.agolworld.com/assets/img/industries/oil.jpg]
[www.agolworld.com/assets/img/industries/telecom.jpg]
[www.agolworld.com/industries.html]
[www.agolworld.com/blog-details-3.html]
[www.agolworld.com/assets/img2/service/service-15.jpg]
[www.agolworld.com/assets/img2/blog/(15).png]
[www.agolworld.com/blog_2-2.html]
[www.agolworld.com/blog_3-2.html]
[www.agolworld.com/assets/img2/blog/blog21.png]
[www.agolworld.com/assets/img2/banner/subscribe.png]
[www.agolworld.com/assets/img2/icon/email.svg]
[www.agolworld.com/assets/img2/banner/footer-shape.png]
[www.agolworld.com/blog.html]
[www.agolworld.com/assets/js2/form-validator.min.js]
[www.agolworld.com/assets/js2/ajaxchimp.min.js]
[www.agolworld.com/contact_us.html]
[www.agolworld.com/assets/js2/custom.js]
[www.agolworld.com/contact.html]
[www.agolworld.com/assets/img2/icon/global.svg]
[www.agolworld.com/assets/img2/icon/winner.svg]
[www.agolworld.com/assets/images/banner/counter-shape.html]
[www.agolworld.com/blog-details.html]
[www.agolworld.com/assets/img2/service/service-14.jpg]
[www.agolworld.com/blog-details-2.html]
[www.agolworld.com/assets/img2/blog/(13).png]
[www.agolworld.com/assets/img2/blog/blog11.jpg]
[www.agolworld.com/blog_2.html]
[www.agolworld.com/assets/img2/blog/blog26.png]
[www.agolworld.com/assets/img2/blog/blog12.jpg]
[www.agolworld.com/blog_3.html]
[kit.fontawesome.com/your-license-key.html]
[www.agolworld.com/assets/js2/modernizr-2.8.3.min.js]
[www.agolworld.com/assets/js2/jquery.min.js]
[www.agolworld.com/assets/js2/bootstrap.min.js]
[www.agolworld.com/assets/js2/meanmenu.js]
[www.agolworld.com/assets/js2/imagesloaded.pkgd.min.js]
[www.agolworld.com/assets/js2/isotope.pkgd.min.js]
[www.agolworld.com/assets/js2/jquery.magnific-popup.min.js]
[www.agolworld.com/l.a3.delayed]
[www.agolworld.com/e.html]
[www.agolworld.com/t.params.html]
[www.agolworld.com/assets/js2/swiper.min.js]
[www.agolworld.com/assets/js2/owl.carousel.js]
[www.agolworld.com/assets/js2/jquery.appear.min.js]
[www.agolworld.com/assets/js2/odometer.min.js]
[www.agolworld.com/assets/js2/sal.js]
[www.agolworld.com/assets/js2/jquery.nice-select.min.js]
[www.agolworld.com/assets/js2/main.js]
[themejunction.net/wp-includes/css/dist/block-library/style.min84fc.css]
[themejunction.net/wp-content/plugins/tlp-portfolio/assets/css/tlpportfolio84fc.css]
[themejunction.net/wp-content/themes/hello-elementor/style.min653d.css]
[themejunction.net/wp-content/themes/hello-elementor/theme.min653d.css]
[themejunction.net/wp-content/uploads/elementor/css/custom-frontend-lite.min6e43.css]
[themejunction.net/wp-content/uploads/elementor/css/post-56e43.css]
[themejunction.net/wp-content/plugins/elementor/assets/lib/eicons/css/elementor-icons.minfc13.css]
[themejunction.net/wp-content/plugins/elementor/assets/lib/swiper/css/swiper.min48f5.css]
[themejunction.net/wp-content/uploads/elementor/css/custom-pro-frontend-lite.min6e43.css]
[themejunction.net/wp-content/uploads/elementor/css/global0d44.css]
[themejunction.net/wp-content/uploads/elementor/css/post-190d44.css]
[themejunction.net/wp-content/uploads/elementor/css/post-630d44.css]
[themejunction.net/wp-content/plugins/elementor/assets/lib/font-awesome/css/fontawesome.min52d5.css]
[themejunction.net/wp-content/plugins/elementor/assets/lib/font-awesome/css/regular.min52d5.css]
[themejunction.net/wp-content/plugins/elementor/assets/lib/font-awesome/css/solid.min52d5.css]
[themejunction.net/wp-content/plugins/elementor/assets/lib/font-awesome/css/brands.min52d5.css]
[themejunction.net/wp-includes/js/jquery/jquery.minf43b.js]
[themejunction.net/wp-includes/js/jquery/jquery-migrate.min5589.js]
[themejunction.net/wp-content/uploads/2023/01/cropped-Theme-Junction-Logo-32x32.png]
[themejunction.net/wp-content/uploads/2023/01/cropped-Theme-Junction-Logo-192x192.png]
[themejunction.net/wp-content/uploads/2023/01/cropped-Theme-Junction-Logo-180x180.png]
[themejunction.net/wp-content/uploads/elementor/css/custom-widget-icon-list.min0d44.css]
[themejunction.net/wp-content/uploads/2023/01/Theme-Junction-Logo.png]
[themejunction.net/wp-content/uploads/elementor/css/custom-pro-widget-nav-menu.min0d44.css]
[themejunction.net/wp-content/uploads/2023/01/Theme-Junction-Logo-White-2040-1024x288.png]
[themejunction.net/wp-content/themes/hello-elementor/assets/js/hello-frontend.min8a54.js]
[themejunction.net/wp-content/plugins/pro-elements/assets/lib/smartmenus/jquery.smartmenus.minf269.js]
[themejunction.net/wp-content/plugins/pro-elements/assets/js/webpack-pro.runtime.mindf38.js]
[themejunction.net/wp-content/plugins/elementor/assets/js/webpack.runtime.mina1c3.js]
[themejunction.net/wp-content/plugins/elementor/assets/js/frontend-modules.mina1c3.js]
[themejunction.net/wp-includes/js/dist/vendor/wp-polyfill-inert.min0226.js]
[themejunction.net/wp-includes/js/dist/vendor/regenerator-runtime.min6c85.js]
[themejunction.net/wp-includes/js/dist/vendor/wp-polyfill.min2c7c.js]
[themejunction.net/wp-includes/js/dist/hooks.min2ebd.js]
[themejunction.net/wp-includes/js/dist/i18n.minf92f.js]
[themejunction.net/wp-content/plugins/pro-elements/assets/js/frontend.mindf38.js]
[themejunction.net/wp-content/plugins/elementor/assets/lib/waypoints/waypoints.min05da.js]
[themejunction.net/wp-includes/js/jquery/ui/core.min3f14.js]
[themejunction.net/wp-content/plugins/elementor/assets/js/frontend.mina1c3.js]
[themejunction.net/wp-content/plugins/pro-elements/assets/js/elements-handlers.mindf38.js]
[www.agolworld.com/assets/css2/owl.video.play.html]
[www.agolworld.com/assets/fonts/fa-brands-400.html]
[www.agolworld.com/assets/fonts/fa-brands-401.html]
[www.agolworld.com/assets/fonts/fa-duotone-900.html]
[www.agolworld.com/assets/fonts/fa-duotone-901.html]
[www.agolworld.com/assets/fonts2/flaticon_logistics568b568b.svg]
[themejunction.net/wp-content/plugins/pro-elements/assets/lib/sticky/jquery.sticky.mindf38.js]
[www.agolworld.com/assets/img2/bg/section-bg.html]
[www.agolworld.com/assets/img2/bg/section-shape.html]
[www.agolworld.com/assets/img2/slider/slider-bg-image3.html]
[www.agolworld.com/assets/images/banner/cta-bg.html]
[www.agolworld.com/assets/images/banner/price-bg.html]
[www.agolworld.com/assets/images/banner/step-1.html]
[www.agolworld.com/assets/images/banner/doted-shape1.html]
[www.agolworld.com/assets/images/banner/feature-bg.html]
[www.agolworld.com/assets/images/banner/cta-bg2.html]
[www.agolworld.com/assets/images/banner/test-2.html]
[www.agolworld.com/assets/img2/banner/testimonial-bg.html]
[www.agolworld.com/assets/img2/icon/icon-shape.svg]
[www.agolworld.com/assets2/assets/img/favicon.html]
[www.agolworld.com/assets/css/style.html]
[www.agolworld.com/index-4.html]
[www.agolworld.com/contacts_us.html]
[www.agolworld.com/service-details.html]
[www.agolworld.com/blog-details-3.html]
[www.agolworld.com/blog_2-2.html]
[www.agolworld.com/blog_3-2.html]
[www.agolworld.com/assets/img2/icon/email.svg]
[www.agolworld.com/assets/js2/form-validator.min.js]
[www.agolworld.com/assets/js2/ajaxchimp.min.js]
[www.agolworld.com/assets/js2/custom.js]
[www.agolworld.com/l.html]
[www.agolworld.com/e.html]
[www.agolworld.com/t.params.html]
[themejunction.net/wp-includes/css/dist/block-library/style.min84fc.css]
[themejunction.net/wp-content/plugins/tlp-portfolio/assets/images/grabbing.png]
[themejunction.net/wp-content/plugins/tlp-portfolio/assets/images/AjaxLoader.gif]
[themejunction.net/wp-content/plugins/tlp-portfolio/assets/css/tlpportfolio84fc.css]
[themejunction.net/wp-content/themes/hello-elementor/style.min653d.css]
[themejunction.net/wp-content/themes/hello-elementor/theme.min653d.css]
[themejunction.net/wp-content/uploads/elementor/css/custom-frontend-lite.min6e43.css]
[themejunction.net/wp-content/uploads/elementor/css/post-56e43.css]
[themejunction.net/wp-content/plugins/elementor/assets/lib/eicons/css/elementor-icons.minfc13.css]
[themejunction.net/wp-content/plugins/elementor/assets/lib/swiper/css/swiper.min48f5.css]
[themejunction.net/wp-content/uploads/elementor/css/custom-pro-frontend-lite.min6e43.css]
[themejunction.net/wp-content/uploads/elementor/css/global0d44.css]
[themejunction.net/wp-content/uploads/elementor/css/post-190d44.css]
[themejunction.net/wp-content/uploads/2023/01/footer-bg-2.jpg]
[themejunction.net/wp-content/uploads/elementor/css/post-630d44.css]
[themejunction.net/wp-content/plugins/elementor/assets/lib/font-awesome/css/fontawesome.min52d5.css]
[themejunction.net/wp-content/plugins/elementor/assets/lib/font-awesome/css/regular.min52d5.css]
[themejunction.net/wp-content/plugins/elementor/assets/lib/font-awesome/css/solid.min52d5.css]
[themejunction.net/wp-content/plugins/elementor/assets/lib/font-awesome/css/brands.min52d5.css]
[themejunction.net/wp-includes/js/jquery/jquery.minf43b.js]
[themejunction.net/wp-includes/js/jquery/jquery-migrate.min5589.js]
[themejunction.net/wp-content/uploads/elementor/css/custom-widget-icon-list.min0d44.css]
[themejunction.net/wp-content/uploads/elementor/css/custom-pro-widget-nav-menu.min0d44.css]
[themejunction.net/wp-content/themes/hello-elementor/assets/js/hello-frontend.min8a54.js]
[themejunction.net/wp-content/plugins/pro-elements/assets/lib/smartmenus/jquery.smartmenus.minf269.js]
[themejunction.net/wp-content/plugins/pro-elements/assets/js/webpack-pro.runtime.mindf38.js]
[themejunction.net/wp-content/plugins/elementor/assets/js/webpack.runtime.mina1c3.js]
[themejunction.net/wp-content/plugins/elementor/assets/js/frontend-modules.mina1c3.js]
[themejunction.net/wp-includes/js/dist/vendor/wp-polyfill-inert.min0226.js]
[themejunction.net/wp-includes/js/dist/vendor/regenerator-runtime.min6c85.js]
[themejunction.net/wp-includes/js/dist/vendor/wp-polyfill.min2c7c.js]
[themejunction.net/wp-includes/js/dist/hooks.min2ebd.js]
[themejunction.net/wp-includes/js/dist/i18n.minf92f.js]
[themejunction.net/wp-content/plugins/pro-elements/assets/js/frontend.mindf38.js]
[themejunction.net/wp-content/plugins/elementor/assets/lib/waypoints/waypoints.min05da.js]
[themejunction.net/wp-includes/js/jquery/ui/core.min3f14.js]
[www.agolworld.com/assets/css2/-negative.d2.delayed]
[themejunction.net/wp-content/plugins/elementor/assets/js/frontend.mina1c3.js]
[themejunction.net/wp-content/plugins/pro-elements/assets/js/elements-handlers.mindf38.js]
[themejunction.net/wp-content/plugins/pro-elements/assets/lib/sticky/jquery.sticky.mindf38.js]
[www.agolworld.com/assets/css2/-negative.html]
[www.agolworld.com/assets/css2/OPR/index.html]
[www.agolworld.com/assets/css2/OPR/index.html]
